C:\Users\Олег\AppData\Local\Programs\Python\Python310>pip show pillow
WARNING: Package(s) not found: pillow

C:\Users\Олег\AppData\Local\Programs\Python\Python310>pip install pillow
Collecting pillow
  Using cached Pillow-9.1.0-cp310-cp310-win_amd64.whl (3.3 MB)
Installing collected packages: pillow
Successfully installed pillow-9.1.0


C:\Users\Олег\AppData\Local\Programs\Python\Python310>pip install pillow
Collecting pillow
  Using cached Pillow-9.1.0-cp310-cp310-win_amd64.whl (3.3 MB)
Installing collected packages: pillow
Successfully installed pillow-9.1.0


C:\Users\Олег\AppData\Local\Programs\Python\Python310>pip show pillow
Name: Pillow
Version: 9.1.0
Summary: Python Imaging Library (Fork)
Home-page: https://python-pillow.org
Author: Alex Clark (PIL Fork Author)
Author-email: aclark@python-pillow.org
License: HPND
Location: c:\users\олег\appdata\local\programs\python\python310\lib\site-packages
Requires:
Required-by:

C:\Users\Олег\AppData\Local\Programs\Python\Python310>python -m venv virt

C:\Users\Олег\AppData\Local\Programs\Python\Python310>"virt/Scripts/activate.bat"

(virt) C:\Users\Олег\AppData\Local\Programs\Python\Python310>pip show pillow
WARNING: Package(s) not found: pillow


(virt) C:\Users\Олег\AppData\Local\Programs\Python\Python310>pip install pillow==9.1.0
Collecting pillow==9.1.0
  Using cached Pillow-9.1.0-cp310-cp310-win_amd64.whl (3.3 MB)
Installing collected packages: pillow
Successfully installed pillow-9.1.0

(virt) C:\Users\Олег\AppData\Local\Programs\Python\Python310>pip show pillow
Name: Pillow
Version: 9.1.0
Summary: Python Imaging Library (Fork)
Home-page: https://python-pillow.org
Author: Alex Clark (PIL Fork Author)
Author-email: aclark@python-pillow.org
License: HPND
Location: c:\users\олег\appdata\local\programs\python\python310\virt\lib\site-packages
Requires:
Required-by:

(virt) C:\Users\Олег\AppData\Local\Programs\Python\Python310>pip freeze
Pillow==9.1.0

(virt) C:\Users\Олег\AppData\Local\Programs\Python\Python310>deactivate
C:\Users\Олег\AppData\Local\Programs\Python\Python310>

